E/gralloc (  210): int gralloc_unlock(const gralloc_module_t*, buffer_handle_t): ion_sync_fd failed!
E/ion     (  210): ioctl c0084907 failed with code -1: Not a typewriter
E/gralloc (  210): int gralloc_unlock(const gralloc_module_t*, buffer_handle_t): ion_sync_fd failed!
W/Camera_CaptureUnit(  210): TODO: handle the stream-off with multiple buffers in device
E/ion     (  210): ioctl c0084907 failed with code -1: Not a typewriter
E/gralloc (  210): int gralloc_unlock(const gralloc_module_t*, buffer_handle_t): ion_sync_fd failed!
E/ion     (  210): ioctl c0084907 failed with code -1: Not a typewriter
E/gralloc (  210): int gralloc_unlock(const gralloc_module_t*, buffer_handle_t): ion_sync_fd failed!
E/ion     (  210): ioctl c0084907 failed with code -1: Not a typewriter
E/gralloc (  210): int gralloc_unlock(const gralloc_module_t*, buffer_handle_t): ion_sync_fd failed!
W/Camera_CaptureUnit(  210): TODO: handle the stream-off with multiple buffers in device
E/ion     (  210): ioctl c0084907 failed with code -1: Not a typewriter
E/gralloc (  210): int gralloc_unlock(const gralloc_module_t*, buffer_handle_t): ion_sync_fd failed!
E/ion     (  210): ioctl c0084907 failed with code -1: Not a typewriter
E/gralloc (  210): int gralloc_unlock(const gralloc_module_t*, buffer_handle_t): ion_sync_fd failed!
E/ion     (  210): ioctl c0084907 failed with code -1: Not a typewriter
E/gralloc (  210): int gralloc_unlock(const gralloc_module_t*, buffer_handle_t): ion_sync_fd failed!
W/Camera_CaptureUnit(  210): TODO: handle the stream-off with multiple buffers in device
E/ion     (  210): ioctl c0084907 failed with code -1: Not a typewriter
E/gralloc (  210): int gralloc_unlock(const gralloc_module_t*, buffer_handle_t): ion_sync_fd failed!
E/ion     (  210): ioctl c0084907 failed with code -1: Not a typewriter
E/gralloc (  210): int gralloc_unlock(const gralloc_module_t*, buffer_handle_t): ion_sync_fd failed!
E/ion     (  210): ioctl c0084907 failed with code -1: Not a typewriter
E/gralloc (  210): int gralloc_unlock(const gralloc_module_t*, buffer_handle_t): ion_sync_fd failed!
W/Camera_CaptureUnit(  210): TODO: handle the stream-off with multiple buffers in device
W/art     (23696): Suspending all threads took: 7.382ms
I/art     (23696): Background partial concurrent mark sweep GC freed 1484(131KB) AllocSpace objects, 8(5MB) LOS objects, 39% free, 7MB/12MB, paused 11.301ms total 60.480ms
E/ion     (  210): ioctl c0084907 failed with code -1: Not a typewriter
E/gralloc (  210): int gralloc_unlock(const gralloc_module_t*, buffer_handle_t): ion_sync_fd failed!
E/ion     (  210): ioctl c0084907 failed with code -1: Not a typewriter
E/gralloc (  210): int gralloc_unlock(const gralloc_module_t*, buffer_handle_t): ion_sync_fd failed!
E/ion     (  210): ioctl c0084907 failed with code -1: Not a typewriter
E/gralloc (  210): int gralloc_unlock(const gralloc_module_t*, buffer_handle_t): ion_sync_fd failed!
D/RPC     (  236): RPCClientIFReadTask: recieved_bytes = 46
D/RPC     (  236): sys_rpc_mbox_post:Queue is Empty 659 hardware/imc/rpc/multi-client/rpc-daemon/../utils/osa/android/sys_arch.c
D/RPC     (  236): sys_rpc_mbox_fetch:queue has only one last element 722 hardware/imc/rpc/multi-client/rpc-daemon/../utils/osa/android/sys_arch.c
D/RPC     (  236): sys_rpc_mbox_fetch:when queue has only one last element 727 hardware/imc/rpc/multi-client/rpc-daemon/../utils/osa/android/sys_arch.c
D/RPC     (  236): IPCIFWriteData-- write 50
D/RPC     (  236): Header length: 4
D/RPC     (  236): IPCIFReadIOChannel:Data length from header parsing: 22
D/RPC     (  236):  IPCIFReadIOChannel:DataBufLen = 26:
D/RPC     (  236): RPCSendMsgToClient context_id : 536871424
D/RPC     (  236): RPCSendMsgToClient: remote_app_id = 2, context_id = 536871424
D/RPC     (  236): RPCSendDataToClient:Message Sent to APP id 2
E/RPC     (  216): AppRecvFromRPCIFTask: recieved_bytes = 22
E/RPC     (  216): IPC ReadCB:  RET IND idx(1249) 
W/Camera_CaptureUnit(  210): TODO: handle the stream-off with multiple buffers in device
E/ion     (  210): ioctl c0084907 failed with code -1: Not a typewriter
E/gralloc (  210): int gralloc_unlock(const gralloc_module_t*, buffer_handle_t): ion_sync_fd failed!
E/ion     (  210): ioctl c0084907 failed with code -1: Not a typewriter
E/gralloc (  210): int gralloc_unlock(const gralloc_module_t*, buffer_handle_t): ion_sync_fd failed!
E/ion     (  210): ioctl c0084907 failed with code -1: Not a typewriter
E/gralloc (  210): int gralloc_unlock(const gralloc_module_t*, buffer_handle_t): ion_sync_fd failed!
W/Camera_CaptureUnit(  210): TODO: handle the stream-off with multiple buffers in device
E/ion     (  210): ioctl c0084907 failed with code -1: Not a typewriter
E/gralloc (  210): int gralloc_unlock(const gralloc_module_t*, buffer_handle_t): ion_sync_fd failed!
E/ion     (  210): ioctl c0084907 failed with code -1: Not a typewriter
E/gralloc (  210): int gralloc_unlock(const gralloc_module_t*, buffer_handle_t): ion_sync_fd failed!
E/ion     (  210): ioctl c0084907 failed with code -1: Not a typewriter
E/gralloc (  210): int gralloc_unlock(const gralloc_module_t*, buffer_handle_t): ion_sync_fd failed!
W/Camera_CaptureUnit(  210): TODO: handle the stream-off with multiple buffers in device
E/ion     (  210): ioctl c0084907 failed with code -1: Not a typewriter
E/gralloc (  210): int gralloc_unlock(const gralloc_module_t*, buffer_handle_t): ion_sync_fd failed!
E/ion     (  210): ioctl c0084907 failed with code -1: Not a typewriter
E/gralloc (  210): int gralloc_unlock(const gralloc_module_t*, buffer_handle_t): ion_sync_fd failed!
E/ion     (  210): ioctl c0084907 failed with code -1: Not a typewriter
E/gralloc (  210): int gralloc_unlock(const gralloc_module_t*, buffer_handle_t): ion_sync_fd failed!
W/Camera_CaptureUnit(  210): TODO: handle the stream-off with multiple buffers in device
E/ion     (  210): ioctl c0084907 failed with code -1: Not a typewriter
E/gralloc (  210): int gralloc_unlock(const gralloc_module_t*, buffer_handle_t): ion_sync_fd failed!
E/ion     (  210): ioctl c0084907 failed with code -1: Not a typewriter
E/gralloc (  210): int gralloc_unlock(const gralloc_module_t*, buffer_handle_t): ion_sync_fd failed!
E/ion     (  210): ioctl c0084907 failed with code -1: Not a typewriter
E/gralloc (  210): int gralloc_unlock(const gralloc_module_t*, buffer_handle_t): ion_sync_fd failed!
W/Camera_CaptureUnit(  210): TODO: handle the stream-off with multiple buffers in device
E/ion     (  210): ioctl c0084907 failed with code -1: Not a typewriter
E/gralloc (  210): int gralloc_unlock(const gralloc_module_t*, buffer_handle_t): ion_sync_fd failed!
E/ion     (  210): ioctl c0084907 failed with code -1: Not a typewriter
E/gralloc (  210): int gralloc_unlock(const gralloc_module_t*, buffer_handle_t): ion_sync_fd failed!
E/ion     (  210): ioctl c0084907 failed with code -1: Not a typewriter
E/gralloc (  210): int gralloc_unlock(const gralloc_module_t*, buffer_handle_t): ion_sync_fd failed!
W/Camera_CaptureUnit(  210): TODO: handle the stream-off with multiple buffers in device
E/ion     (  210): ioctl c0084907 failed with code -1: Not a typewriter
E/gralloc (  210): int gralloc_unlock(const gralloc_module_t*, buffer_handle_t): ion_sync_fd failed!
E/ion     (  210): ioctl c0084907 failed with code -1: Not a typewriter
E/gralloc (  210): int gralloc_unlock(const gralloc_module_t*, buffer_handle_t): ion_sync_fd failed!
E/ion     (  210): ioctl c0084907 failed with code -1: Not a typewriter
E/gralloc (  210): int gralloc_unlock(const gralloc_module_t*, buffer_handle_t): ion_sync_fd failed!
D/DecodeHandler(23696): Found barcode in 99 ms
W/Camera_CaptureUnit(  210): TODO: handle the stream-off with multiple buffers in device
E/ion     (  210): ioctl c0084907 failed with code -1: Not a typewriter
E/gralloc (  210): int gralloc_unlock(const gralloc_module_t*, buffer_handle_t): ion_sync_fd failed!
E/ion     (  210): ioctl c0084907 failed with code -1: Not a typewriter
E/gralloc (  210): int gralloc_unlock(const gralloc_module_t*, buffer_handle_t): ion_sync_fd failed!
E/ion     (  210): ioctl c0084907 failed with code -1: Not a typewriter
E/gralloc (  210): int gralloc_unlock(const gralloc_module_t*, buffer_handle_t): ion_sync_fd failed!
W/Camera_CaptureUnit(  210): TODO: handle the stream-off with multiple buffers in device
D/CaptureActivityHandler(23696): Got decode succeeded message
E/ion     (  210): ioctl c0084907 failed with code -1: Not a typewriter
E/gralloc (  210): int gralloc_unlock(const gralloc_module_t*, buffer_handle_t): ion_sync_fd failed!
E/ion     (  210): ioctl c0084907 failed with code -1: Not a typewriter
E/gralloc (  210): int gralloc_unlock(const gralloc_module_t*, buffer_handle_t): ion_sync_fd failed!
E/ion     (  210): ioctl c0084907 failed with code -1: Not a typewriter
E/gralloc (  210): int gralloc_unlock(const gralloc_module_t*, buffer_handle_t): ion_sync_fd failed!
I/art     (23696): Background partial concurrent mark sweep GC freed 77(5KB) AllocSpace objects, 2(1413KB) LOS objects, 39% free, 11MB/18MB, paused 5.168ms total 42.934ms
W/Camera_CaptureUnit(  210): TODO: handle the stream-off with multiple buffers in device
E/ion     (  210): ioctl c0084907 failed with code -1: Not a typewriter
E/gralloc (  210): int gralloc_unlock(const gralloc_module_t*, buffer_handle_t): ion_sync_fd failed!
E/ion     (  210): ioctl c0084907 failed with code -1: Not a typewriter
E/gralloc (  210): int gralloc_unlock(const gralloc_module_t*, buffer_handle_t): ion_sync_fd failed!
E/ion     (  210): ioctl c0084907 failed with code -1: Not a typewriter
E/gralloc (  210): int gralloc_unlock(const gralloc_module_t*, buffer_handle_t): ion_sync_fd failed!
W/Camera_CaptureUnit(  210): TODO: handle the stream-off with multiple buffers in device
E/ion     (  210): ioctl c0084907 failed with code -1: Not a typewriter
E/gralloc (  210): int gralloc_unlock(const gralloc_module_t*, buffer_handle_t): ion_sync_fd failed!
E/ion     (  210): ioctl c0084907 failed with code -1: Not a typewriter
E/gralloc (  210): int gralloc_unlock(const gralloc_module_t*, buffer_handle_t): ion_sync_fd failed!
E/ion     (  210): ioctl c0084907 failed with code -1: Not a typewriter
E/gralloc (  210): int gralloc_unlock(const gralloc_module_t*, buffer_handle_t): ion_sync_fd failed!
W/Camera_CaptureUnit(  210): TODO: handle the stream-off with multiple buffers in device
E/ion     (  210): ioctl c0084907 failed with code -1: Not a typewriter
E/gralloc (  210): int gralloc_unlock(const gralloc_module_t*, buffer_handle_t): ion_sync_fd failed!
E/ion     (  210): ioctl c0084907 failed with code -1: Not a typewriter
E/gralloc (  210): int gralloc_unlock(const gralloc_module_t*, buffer_handle_t): ion_sync_fd failed!
E/ion     (  210): ioctl c0084907 failed with code -1: Not a typewriter
E/gralloc (  210): int gralloc_unlock(const gralloc_module_t*, buffer_handle_t): ion_sync_fd failed!
W/Camera_CaptureUnit(  210): TODO: handle the stream-off with multiple buffers in device
E/ion     (  210): ioctl c0084907 failed with code -1: Not a typewriter
E/gralloc (  210): int gralloc_unlock(const gralloc_module_t*, buffer_handle_t): ion_sync_fd failed!
E/ion     (  210): ioctl c0084907 failed with code -1: Not a typewriter
E/gralloc (  210): int gralloc_unlock(const gralloc_module_t*, buffer_handle_t): ion_sync_fd failed!
E/ion     (  210): ioctl c0084907 failed with code -1: Not a typewriter
E/gralloc (  210): int gralloc_unlock(const gralloc_module_t*, buffer_handle_t): ion_sync_fd failed!
W/Camera_CaptureUnit(  210): TODO: handle the stream-off with multiple buffers in device
E/ion     (  210): ioctl c0084907 failed with code -1: Not a typewriter
E/gralloc (  210): int gralloc_unlock(const gralloc_module_t*, buffer_handle_t): ion_sync_fd failed!
E/ion     (  210): ioctl c0084907 failed with code -1: Not a typewriter
E/gralloc (  210): int gralloc_unlock(const gralloc_module_t*, buffer_handle_t): ion_sync_fd failed!
E/ion     (  210): ioctl c0084907 failed with code -1: Not a typewriter
E/gralloc (  210): int gralloc_unlock(const gralloc_module_t*, buffer_handle_t): ion_sync_fd failed!
W/Camera_CaptureUnit(  210): TODO: handle the stream-off with multiple buffers in device
E/ion     (  210): ioctl c0084907 failed with code -1: Not a typewriter
E/gralloc (  210): int gralloc_unlock(const gralloc_module_t*, buffer_handle_t): ion_sync_fd failed!
E/ion     (  210): ioctl c0084907 failed with code -1: Not a typewriter
E/gralloc (  210): int gralloc_unlock(const gralloc_module_t*, buffer_handle_t): ion_sync_fd failed!
E/ion     (  210): ioctl c0084907 failed with code -1: Not a typewriter
E/gralloc (  210): int gralloc_unlock(const gralloc_module_t*, buffer_handle_t): ion_sync_fd failed!
W/Camera_CaptureUnit(  210): TODO: handle the stream-off with multiple buffers in device
E/ion     (  210): ioctl c0084907 failed with code -1: Not a typewriter
E/gralloc (  210): int gralloc_unlock(const gralloc_module_t*, buffer_handle_t): ion_sync_fd failed!
E/ion     (  210): ioctl c0084907 failed with code -1: Not a typewriter
E/gralloc (  210): int gralloc_unlock(const gralloc_module_t*, buffer_handle_t): ion_sync_fd failed!
E/ion     (  210): ioctl c0084907 failed with code -1: Not a typewriter
E/gralloc (  210): int gralloc_unlock(const gralloc_module_t*, buffer_handle_t): ion_sync_fd failed!
W/Camera_CaptureUnit(  210): TODO: handle the stream-off with multiple buffers in device
E/ion     (  210): ioctl c0084907 failed with code -1: Not a typewriter
E/gralloc (  210): int gralloc_unlock(const gralloc_module_t*, buffer_handle_t): ion_sync_fd failed!
E/ion     (  210): ioctl c0084907 failed with code -1: Not a typewriter
E/gralloc (  210): int gralloc_unlock(const gralloc_module_t*, buffer_handle_t): ion_sync_fd failed!
E/ion     (  210): ioctl c0084907 failed with code -1: Not a typewriter
E/gralloc (  210): int gralloc_unlock(const gralloc_module_t*, buffer_handle_t): ion_sync_fd failed!
W/Camera_CaptureUnit(  210): TODO: handle the stream-off with multiple buffers in device
E/ion     (  210): ioctl c0084907 failed with code -1: Not a typewriter
E/gralloc (  210): int gralloc_unlock(const gralloc_module_t*, buffer_handle_t): ion_sync_fd failed!
E/ion     (  210): ioctl c0084907 failed with code -1: Not a typewriter
E/gralloc (  210): int gralloc_unlock(const gralloc_module_t*, buffer_handle_t): ion_sync_fd failed!
E/ion     (  210): ioctl c0084907 failed with code -1: Not a typewriter
E/gralloc (  210): int gralloc_unlock(const gralloc_module_t*, buffer_handle_t): ion_sync_fd failed!
W/Camera_CaptureUnit(  210): TODO: handle the stream-off with multiple buffers in device
E/ion     (  210): ioctl c0084907 failed with code -1: Not a typewriter
E/gralloc (  210): int gralloc_unlock(const gralloc_module_t*, buffer_handle_t): ion_sync_fd failed!
E/ion     (  210): ioctl c0084907 failed with code -1: Not a typewriter
E/gralloc (  210): int gralloc_unlock(const gralloc_module_t*, buffer_handle_t): ion_sync_fd failed!
E/ion     (  210): ioctl c0084907 failed with code -1: Not a typewriter
E/gralloc (  210): int gralloc_unlock(const gralloc_module_t*, buffer_handle_t): ion_sync_fd failed!
W/Camera_CaptureUnit(  210): TODO: handle the stream-off with multiple buffers in device
E/ion     (  210): ioctl c0084907 failed with code -1: Not a typewriter
E/gralloc (  210): int gralloc_unlock(const gralloc_module_t*, buffer_handle_t): ion_sync_fd failed!
E/ion     (  210): ioctl c0084907 failed with code -1: Not a typewriter
E/gralloc (  210): int gralloc_unlock(const gralloc_module_t*, buffer_handle_t): ion_sync_fd failed!
E/ion     (  210): ioctl c0084907 failed with code -1: Not a typewriter
E/gralloc (  210): int gralloc_unlock(const gralloc_module_t*, buffer_handle_t): ion_sync_fd failed!
D/RPC     (  236): RPCClientIFReadTask: recieved_bytes = 46
D/RPC     (  236): sys_rpc_mbox_post:Queue is Empty 659 hardware/imc/rpc/multi-client/rpc-daemon/../utils/osa/android/sys_arch.c
D/RPC     (  236): sys_rpc_mbox_fetch:queue has only one last element 722 hardware/imc/rpc/multi-client/rpc-daemon/../utils/osa/android/sys_arch.c
D/RPC     (  236): sys_rpc_mbox_fetch:when queue has only one last element 727 hardware/imc/rpc/multi-client/rpc-daemon/../utils/osa/android/sys_arch.c
D/RPC     (  236): IPCIFWriteData-- write 50
D/RPC     (  236): Header length: 4
D/RPC     (  236): IPCIFReadIOChannel:Data length from header parsing: 22
D/RPC     (  236):  IPCIFReadIOChannel:DataBufLen = 26:
D/RPC     (  236): RPCSendMsgToClient context_id : 536871424
D/RPC     (  236): RPCSendMsgToClient: remote_app_id = 2, context_id = 536871424
D/RPC     (  236): RPCSendDataToClient:Message Sent to APP id 2
E/RPC     (  216): AppRecvFromRPCIFTask: recieved_bytes = 22
E/RPC     (  216): IPC ReadCB:  RET IND idx(1249) 
W/Camera_CaptureUnit(  210): TODO: handle the stream-off with multiple buffers in device
E/ion     (  210): ioctl c0084907 failed with code -1: Not a typewriter
E/gralloc (  210): int gralloc_unlock(const gralloc_module_t*, buffer_handle_t): ion_sync_fd failed!
E/ion     (  210): ioctl c0084907 failed with code -1: Not a typewriter
E/gralloc (  210): int gralloc_unlock(const gralloc_module_t*, buffer_handle_t): ion_sync_fd failed!
E/ion     (  210): ioctl c0084907 failed with code -1: Not a typewriter
E/gralloc (  210): int gralloc_unlock(const gralloc_module_t*, buffer_handle_t): ion_sync_fd failed!
W/Camera_CaptureUnit(  210): TODO: handle the stream-off with multiple buffers in device
E/ion     (  210): ioctl c0084907 failed with code -1: Not a typewriter
E/gralloc (  210): int gralloc_unlock(const gralloc_module_t*, buffer_handle_t): ion_sync_fd failed!
E/ion     (  210): ioctl c0084907 failed with code -1: Not a typewriter
E/gralloc (  210): int gralloc_unlock(const gralloc_module_t*, buffer_handle_t): ion_sync_fd failed!
E/ion     (  210): ioctl c0084907 failed with code -1: Not a typewriter
E/gralloc (  210): int gralloc_unlock(const gralloc_module_t*, buffer_handle_t): ion_sync_fd failed!
W/Camera_CaptureUnit(  210): TODO: handle the stream-off with multiple buffers in device
E/ion     (  210): ioctl c0084907 failed with code -1: Not a typewriter
E/gralloc (  210): int gralloc_unlock(const gralloc_module_t*, buffer_handle_t): ion_sync_fd failed!
E/ion     (  210): ioctl c0084907 failed with code -1: Not a typewriter
E/gralloc (  210): int gralloc_unlock(const gralloc_module_t*, buffer_handle_t): ion_sync_fd failed!
E/ion     (  210): ioctl c0084907 failed with code -1: Not a typewriter
E/gralloc (  210): int gralloc_unlock(const gralloc_module_t*, buffer_handle_t): ion_sync_fd failed!
I/art     (  627): Explicit concurrent mark sweep GC freed 49979(2MB) AllocSpace objects, 8(1372KB) LOS objects, 33% free, 19MB/29MB, paused 2.609ms total 209.479ms
W/Camera_CaptureUnit(  210): TODO: handle the stream-off with multiple buffers in device
E/ion     (  210): ioctl c0084907 failed with code -1: Not a typewriter
E/gralloc (  210): int gralloc_unlock(const gralloc_module_t*, buffer_handle_t): ion_sync_fd failed!
E/ion     (  210): ioctl c0084907 failed with code -1: Not a typewriter
E/gralloc (  210): int gralloc_unlock(const gralloc_module_t*, buffer_handle_t): ion_sync_fd failed!
E/ion     (  210): ioctl c0084907 failed with code -1: Not a typewriter
E/gralloc (  210): int gralloc_unlock(const gralloc_module_t*, buffer_handle_t): ion_sync_fd failed!
W/Camera_CaptureUnit(  210): TODO: handle the stream-off with multiple buffers in device
E/ion     (  210): ioctl c0084907 failed with code -1: Not a typewriter
E/gralloc (  210): int gralloc_unlock(const gralloc_module_t*, buffer_handle_t): ion_sync_fd failed!
E/ion     (  210): ioctl c0084907 failed with code -1: Not a typewriter
E/gralloc (  210): int gralloc_unlock(const gralloc_module_t*, buffer_handle_t): ion_sync_fd failed!
E/ion     (  210): ioctl c0084907 failed with code -1: Not a typewriter
E/gralloc (  210): int gralloc_unlock(const gralloc_module_t*, buffer_handle_t): ion_sync_fd failed!
W/Camera_CaptureUnit(  210): TODO: handle the stream-off with multiple buffers in device
E/ion     (  210): ioctl c0084907 failed with code -1: Not a typewriter
E/gralloc (  210): int gralloc_unlock(const gralloc_module_t*, buffer_handle_t): ion_sync_fd failed!
E/ion     (  210): ioctl c0084907 failed with code -1: Not a typewriter
E/gralloc (  210): int gralloc_unlock(const gralloc_module_t*, buffer_handle_t): ion_sync_fd failed!
E/ion     (  210): ioctl c0084907 failed with code -1: Not a typewriter
E/gralloc (  210): int gralloc_unlock(const gralloc_module_t*, buffer_handle_t): ion_sync_fd failed!
D/StatusBar.NetworkController(  747): refreshViews connected={ wifi } level=???? combinedSignalIconId=0x0/(null) mobileLabel= wifiLabel=StataCenter emergencyOnly[0]=false emergencyOnly[1]=false combinedLabel=StataCenter mAirplaneMode=false mDataActivity[0]=0 mDataActivity[1]=0 mPhoneSignalIconId[0]=0x7f020326 mPhoneSignalIconId[1]=0x0 mQSPhoneSignalIconId[0]=0x7f02023c mQSPhoneSignalIconId[1]=0x0 mDataSignalIconId[0]=0x7f020326 mDataSignalIconId[1]=0x0 mDataTypeIconId[0]=0x0 mDataTypeIconId[1]=0x0 mQSDataTypeIconId[0]=0x0 mQSDataTypeIconId[1]=0x0 mRoaming[0]=false mRoaming[1]=false mIsNoSim[0]=false mIsNoSim[1]=false mWifiIconId=0x7f020331 mQSWifiIconId=0x7f02024c mBluetoothTetherIconId=0x7f020329
D/SignalClusterView(  747): vpn: GONE
D/SignalClusterView(  747): wifi: VISIBLE sig=2130838321 act=2130838307
D/SignalClusterView(  747): mobile[0]: GONE sig=2130838310 typ=0
D/SignalClusterView(  747): vpn: GONE
D/SignalClusterView(  747): wifi: VISIBLE sig=2130838321 act=2130838307
D/SignalClusterView(  747): mobile[0]: GONE sig=2130838310 typ=0
W/Camera_CaptureUnit(  210): TODO: handle the stream-off with multiple buffers in device
E/ion     (  210): ioctl c0084907 failed with code -1: Not a typewriter
E/gralloc (  210): int gralloc_unlock(const gralloc_module_t*, buffer_handle_t): ion_sync_fd failed!
E/ion     (  210): ioctl c0084907 failed with code -1: Not a typewriter
E/gralloc (  210): int gralloc_unlock(const gralloc_module_t*, buffer_handle_t): ion_sync_fd failed!
E/ion     (  210): ioctl c0084907 failed with code -1: Not a typewriter
E/gralloc (  210): int gralloc_unlock(const gralloc_module_t*, buffer_handle_t): ion_sync_fd failed!
W/Camera_CaptureUnit(  210): TODO: handle the stream-off with multiple buffers in device
E/ion     (  210): ioctl c0084907 failed with code -1: Not a typewriter
E/gralloc (  210): int gralloc_unlock(const gralloc_module_t*, buffer_handle_t): ion_sync_fd failed!
E/ion     (  210): ioctl c0084907 failed with code -1: Not a typewriter
E/gralloc (  210): int gralloc_unlock(const gralloc_module_t*, buffer_handle_t): ion_sync_fd failed!
E/ion     (  210): ioctl c0084907 failed with code -1: Not a typewriter
E/gralloc (  210): int gralloc_unlock(const gralloc_module_t*, buffer_handle_t): ion_sync_fd failed!
W/Camera_CaptureUnit(  210): TODO: handle the stream-off with multiple buffers in device
E/ion     (  210): ioctl c0084907 failed with code -1: Not a typewriter
E/gralloc (  210): int gralloc_unlock(const gralloc_module_t*, buffer_handle_t): ion_sync_fd failed!
E/ion     (  210): ioctl c0084907 failed with code -1: Not a typewriter
E/gralloc (  210): int gralloc_unlock(const gralloc_module_t*, buffer_handle_t): ion_sync_fd failed!
E/ion     (  210): ioctl c0084907 failed with code -1: Not a typewriter
E/gralloc (  210): int gralloc_unlock(const gralloc_module_t*, buffer_handle_t): ion_sync_fd failed!
W/Camera_CaptureUnit(  210): TODO: handle the stream-off with multiple buffers in device
E/ion     (  210): ioctl c0084907 failed with code -1: Not a typewriter
E/gralloc (  210): int gralloc_unlock(const gralloc_module_t*, buffer_handle_t): ion_sync_fd failed!
E/ion     (  210): ioctl c0084907 failed with code -1: Not a typewriter
E/gralloc (  210): int gralloc_unlock(const gralloc_module_t*, buffer_handle_t): ion_sync_fd failed!
E/ion     (  210): ioctl c0084907 failed with code -1: Not a typewriter
E/gralloc (  210): int gralloc_unlock(const gralloc_module_t*, buffer_handle_t): ion_sync_fd failed!
W/Camera_CaptureUnit(  210): TODO: handle the stream-off with multiple buffers in device
E/ion     (  210): ioctl c0084907 failed with code -1: Not a typewriter
E/gralloc (  210): int gralloc_unlock(const gralloc_module_t*, buffer_handle_t): ion_sync_fd failed!
E/ion     (  210): ioctl c0084907 failed with code -1: Not a typewriter
E/gralloc (  210): int gralloc_unlock(const gralloc_module_t*, buffer_handle_t): ion_sync_fd failed!
E/ion     (  210): ioctl c0084907 failed with code -1: Not a typewriter
E/gralloc (  210): int gralloc_unlock(const gralloc_module_t*, buffer_handle_t): ion_sync_fd failed!
W/Camera_CaptureUnit(  210): TODO: handle the stream-off with multiple buffers in device
E/ion     (  210): ioctl c0084907 failed with code -1: Not a typewriter
E/gralloc (  210): int gralloc_unlock(const gralloc_module_t*, buffer_handle_t): ion_sync_fd failed!
E/ion     (  210): ioctl c0084907 failed with code -1: Not a typewriter
E/gralloc (  210): int gralloc_unlock(const gralloc_module_t*, buffer_handle_t): ion_sync_fd failed!
E/ion     (  210): ioctl c0084907 failed with code -1: Not a typewriter
E/gralloc (  210): int gralloc_unlock(const gralloc_module_t*, buffer_handle_t): ion_sync_fd failed!
W/Camera_CaptureUnit(  210): TODO: handle the stream-off with multiple buffers in device
E/ion     (  210): ioctl c0084907 failed with code -1: Not a typewriter
E/gralloc (  210): int gralloc_unlock(const gralloc_module_t*, buffer_handle_t): ion_sync_fd failed!
W/Camera_CaptureUnit(  210): TODO: handle the stream-off with multiple buffers in device
E/ion     (  210): ioctl c0084907 failed with code -1: Not a typewriter
E/gralloc (  210): int gralloc_unlock(const gralloc_module_t*, buffer_handle_t): ion_sync_fd failed!
E/ion     (  210): ioctl c0084907 failed with code -1: Not a typewriter
E/gralloc (  210): int gralloc_unlock(const gralloc_module_t*, buffer_handle_t): ion_sync_fd failed!
E/ion     (  210): ioctl c0084907 failed with code -1: Not a typewriter
E/gralloc (  210): int gralloc_unlock(const gralloc_module_t*, buffer_handle_t): ion_sync_fd failed!
W/Camera_CaptureUnit(  210): TODO: handle the stream-off with multiple buffers in device
E/ion     (  210): ioctl c0084907 failed with code -1: Not a typewriter
E/gralloc (  210): int gralloc_unlock(const gralloc_module_t*, buffer_handle_t): ion_sync_fd failed!
E/ion     (  210): ioctl c0084907 failed with code -1: Not a typewriter
E/gralloc (  210): int gralloc_unlock(const gralloc_module_t*, buffer_handle_t): ion_sync_fd failed!
E/ion     (  210): ioctl c0084907 failed with code -1: Not a typewriter
E/gralloc (  210): int gralloc_unlock(const gralloc_module_t*, buffer_handle_t): ion_sync_fd failed!
W/Camera_CaptureUnit(  210): TODO: handle the stream-off with multiple buffers in device
E/ion     (  210): ioctl c0084907 failed with code -1: Not a typewriter
E/gralloc (  210): int gralloc_unlock(const gralloc_module_t*, buffer_handle_t): ion_sync_fd failed!
E/ion     (  210): ioctl c0084907 failed with code -1: Not a typewriter
E/gralloc (  210): int gralloc_unlock(const gralloc_module_t*, buffer_handle_t): ion_sync_fd failed!
E/ion     (  210): ioctl c0084907 failed with code -1: Not a typewriter
E/gralloc (  210): int gralloc_unlock(const gralloc_module_t*, buffer_handle_t): ion_sync_fd failed!
W/Camera_CaptureUnit(  210): TODO: handle the stream-off with multiple buffers in device
E/ion     (  210): ioctl c0084907 failed with code -1: Not a typewriter
E/gralloc (  210): int gralloc_unlock(const gralloc_module_t*, buffer_handle_t): ion_sync_fd failed!
E/ion     (  210): ioctl c0084907 failed with code -1: Not a typewriter
E/gralloc (  210): int gralloc_unlock(const gralloc_module_t*, buffer_handle_t): ion_sync_fd failed!
E/ion     (  210): ioctl c0084907 failed with code -1: Not a typewriter
E/gralloc (  210): int gralloc_unlock(const gralloc_module_t*, buffer_handle_t): ion_sync_fd failed!
D/RPC     (  236): RPCClientIFReadTask: recieved_bytes = 46
D/RPC     (  236): sys_rpc_mbox_post:Queue is Empty 659 hardware/imc/rpc/multi-client/rpc-daemon/../utils/osa/android/sys_arch.c
D/RPC     (  236): sys_rpc_mbox_fetch:queue has only one last element 722 hardware/imc/rpc/multi-client/rpc-daemon/../utils/osa/android/sys_arch.c
D/RPC     (  236): sys_rpc_mbox_fetch:when queue has only one last element 727 hardware/imc/rpc/multi-client/rpc-daemon/../utils/osa/android/sys_arch.c
D/RPC     (  236): IPCIFWriteData-- write 50
D/RPC     (  236): Header length: 4
D/RPC     (  236): IPCIFReadIOChannel:Data length from header parsing: 22
D/RPC     (  236):  IPCIFReadIOChannel:DataBufLen = 26:
D/RPC     (  236): RPCSendMsgToClient context_id : 536871424
D/RPC     (  236): RPCSendMsgToClient: remote_app_id = 2, context_id = 536871424
D/RPC     (  236): RPCSendDataToClient:Message Sent to APP id 2
E/RPC     (  216): AppRecvFromRPCIFTask: recieved_bytes = 22
E/RPC     (  216): IPC ReadCB:  RET IND idx(1249) 
W/Camera_CaptureUnit(  210): TODO: handle the stream-off with multiple buffers in device
E/ion     (  210): ioctl c0084907 failed with code -1: Not a typewriter
E/gralloc (  210): int gralloc_unlock(const gralloc_module_t*, buffer_handle_t): ion_sync_fd failed!
E/ion     (  210): ioctl c0084907 failed with code -1: Not a typewriter
E/gralloc (  210): int gralloc_unlock(const gralloc_module_t*, buffer_handle_t): ion_sync_fd failed!
E/ion     (  210): ioctl c0084907 failed with code -1: Not a typewriter
E/gralloc (  210): int gralloc_unlock(const gralloc_module_t*, buffer_handle_t): ion_sync_fd failed!
W/Camera_CaptureUnit(  210): TODO: handle the stream-off with multiple buffers in device
E/ion     (  210): ioctl c0084907 failed with code -1: Not a typewriter
E/gralloc (  210): int gralloc_unlock(const gralloc_module_t*, buffer_handle_t): ion_sync_fd failed!
E/ion     (  210): ioctl c0084907 failed with code -1: Not a typewriter
E/gralloc (  210): int gralloc_unlock(const gralloc_module_t*, buffer_handle_t): ion_sync_fd failed!
E/ion     (  210): ioctl c0084907 failed with code -1: Not a typewriter
E/gralloc (  210): int gralloc_unlock(const gralloc_module_t*, buffer_handle_t): ion_sync_fd failed!
W/Camera_CaptureUnit(  210): TODO: handle the stream-off with multiple buffers in device
E/ion     (  210): ioctl c0084907 failed with code -1: Not a typewriter
E/gralloc (  210): int gralloc_unlock(const gralloc_module_t*, buffer_handle_t): ion_sync_fd failed!
E/ion     (  210): ioctl c0084907 failed with code -1: Not a typewriter
E/gralloc (  210): int gralloc_unlock(const gralloc_module_t*, buffer_handle_t): ion_sync_fd failed!
E/ion     (  210): ioctl c0084907 failed with code -1: Not a typewriter
E/gralloc (  210): int gralloc_unlock(const gralloc_module_t*, buffer_handle_t): ion_sync_fd failed!
W/Camera_CaptureUnit(  210): TODO: handle the stream-off with multiple buffers in device
E/ion     (  210): ioctl c0084907 failed with code -1: Not a typewriter
E/gralloc (  210): int gralloc_unlock(const gralloc_module_t*, buffer_handle_t): ion_sync_fd failed!
E/ion     (  210): ioctl c0084907 failed with code -1: Not a typewriter
E/gralloc (  210): int gralloc_unlock(const gralloc_module_t*, buffer_handle_t): ion_sync_fd failed!
E/ion     (  210): ioctl c0084907 failed with code -1: Not a typewriter
E/gralloc (  210): int gralloc_unlock(const gralloc_module_t*, buffer_handle_t): ion_sync_fd failed!
W/Camera_CaptureUnit(  210): TODO: handle the stream-off with multiple buffers in device
E/ion     (  210): ioctl c0084907 failed with code -1: Not a typewriter
E/gralloc (  210): int gralloc_unlock(const gralloc_module_t*, buffer_handle_t): ion_sync_fd failed!
E/ion     (  210): ioctl c0084907 failed with code -1: Not a typewriter
E/gralloc (  210): int gralloc_unlock(const gralloc_module_t*, buffer_handle_t): ion_sync_fd failed!
E/ion     (  210): ioctl c0084907 failed with code -1: Not a typewriter
E/gralloc (  210): int gralloc_unlock(const gralloc_module_t*, buffer_handle_t): ion_sync_fd failed!
W/Camera_CaptureUnit(  210): TODO: handle the stream-off with multiple buffers in device
D/RPC     (  236): RPCClientIFReadTask: recieved_bytes = 46
D/RPC     (  236): sys_rpc_mbox_post:Queue is Empty 659 hardware/imc/rpc/multi-client/rpc-daemon/../utils/osa/android/sys_arch.c
D/RPC     (  236): sys_rpc_mbox_fetch:queue has only one last element 722 hardware/imc/rpc/multi-client/rpc-daemon/../utils/osa/android/sys_arch.c
D/RPC     (  236): sys_rpc_mbox_fetch:when queue has only one last element 727 hardware/imc/rpc/multi-client/rpc-daemon/../utils/osa/android/sys_arch.c
D/RPC     (  236): IPCIFWriteData-- write 50
D/RPC     (  236): Header length: 4
D/RPC     (  236): IPCIFReadIOChannel:Data length from header parsing: 22
D/RPC     (  236):  IPCIFReadIOChannel:DataBufLen = 26:
D/RPC     (  236): RPCSendMsgToClient context_id : 536871424
D/RPC     (  236): RPCSendMsgToClient: remote_app_id = 2, context_id = 536871424
E/RPC     (  216): AppRecvFromRPCIFTask: recieved_bytes = 22
E/RPC     (  216): IPC ReadCB:  RET IND idx(1249) 
D/RPC     (  236): RPCSendDataToClient:Message Sent to APP id 2
W/Camera_CaptureSettingsHistory(  210): negative diff: -1, from history: 78, frame ID: 79
E/ion     (  210): ioctl c0084907 failed with code -1: Not a typewriter
E/gralloc (  210): int gralloc_unlock(const gralloc_module_t*, buffer_handle_t): ion_sync_fd failed!
W/Camera_CaptureSettingsHistory(  210): negative diff: -1, from history: 78, frame ID: 79
W/Camera_RawReqHandler(  210): prepareAaStats could not find the settings in effect for frameId 79 got for 80
E/ion     (  210): ioctl c0084907 failed with code -1: Not a typewriter
E/gralloc (  210): int gralloc_unlock(const gralloc_module_t*, buffer_handle_t): ion_sync_fd failed!
E/ion     (  210): ioctl c0084907 failed with code -1: Not a typewriter
E/gralloc (  210): int gralloc_unlock(const gralloc_module_t*, buffer_handle_t): ion_sync_fd failed!
W/Camera_CaptureUnit(  210): TODO: handle the stream-off with multiple buffers in device
E/ion     (  210): ioctl c0084907 failed with code -1: Not a typewriter
E/gralloc (  210): int gralloc_unlock(const gralloc_module_t*, buffer_handle_t): ion_sync_fd failed!
E/ion     (  210): ioctl c0084907 failed with code -1: Not a typewriter
E/gralloc (  210): int gralloc_unlock(const gralloc_module_t*, buffer_handle_t): ion_sync_fd failed!
E/ion     (  210): ioctl c0084907 failed with code -1: Not a typewriter
E/gralloc (  210): int gralloc_unlock(const gralloc_module_t*, buffer_handle_t): ion_sync_fd failed!
W/Camera_CaptureUnit(  210): TODO: handle the stream-off with multiple buffers in device
E/ion     (  210): ioctl c0084907 failed with code -1: Not a typewriter
E/gralloc (  210): int gralloc_unlock(const gralloc_module_t*, buffer_handle_t): ion_sync_fd failed!
E/ion     (  210): ioctl c0084907 failed with code -1: Not a typewriter
E/gralloc (  210): int gralloc_unlock(const gralloc_module_t*, buffer_handle_t): ion_sync_fd failed!
E/ion     (  210): ioctl c0084907 failed with code -1: Not a typewriter
E/gralloc (  210): int gralloc_unlock(const gralloc_module_t*, buffer_handle_t): ion_sync_fd failed!
W/Camera_CaptureUnit(  210): TODO: handle the stream-off with multiple buffers in device
E/ion     (  210): ioctl c0084907 failed with code -1: Not a typewriter
E/gralloc (  210): int gralloc_unlock(const gralloc_module_t*, buffer_handle_t): ion_sync_fd failed!
E/ion     (  210): ioctl c0084907 failed with code -1: Not a typewriter
E/gralloc (  210): int gralloc_unlock(const gralloc_module_t*, buffer_handle_t): ion_sync_fd failed!
E/ion     (  210): ioctl c0084907 failed with code -1: Not a typewriter
E/gralloc (  210): int gralloc_unlock(const gralloc_module_t*, buffer_handle_t): ion_sync_fd failed!
W/Camera_CaptureUnit(  210): TODO: handle the stream-off with multiple buffers in device
E/ion     (  210): ioctl c0084907 failed with code -1: Not a typewriter
E/gralloc (  210): int gralloc_unlock(const gralloc_module_t*, buffer_handle_t): ion_sync_fd failed!
E/ion     (  210): ioctl c0084907 failed with code -1: Not a typewriter
E/gralloc (  210): int gralloc_unlock(const gralloc_module_t*, buffer_handle_t): ion_sync_fd failed!
E/ion     (  210): ioctl c0084907 failed with code -1: Not a typewriter
E/gralloc (  210): int gralloc_unlock(const gralloc_module_t*, buffer_handle_t): ion_sync_fd failed!
W/Camera_CaptureUnit(  210): TODO: handle the stream-off with multiple buffers in device
W/Camera_CaptureSettingsHistory(  210): negative diff: -1, from history: 83, frame ID: 84
E/ion     (  210): ioctl c0084907 failed with code -1: Not a typewriter
E/gralloc (  210): int gralloc_unlock(const gralloc_module_t*, buffer_handle_t): ion_sync_fd failed!
E/ion     (  210): ioctl c0084907 failed with code -1: Not a typewriter
E/gralloc (  210): int gralloc_unlock(const gralloc_module_t*, buffer_handle_t): ion_sync_fd failed!
W/Camera_CaptureSettingsHistory(  210): negative diff: -1, from history: 83, frame ID: 84
W/Camera_RawReqHandler(  210): prepareAaStats could not find the settings in effect for frameId 84 got for 85
E/ion     (  210): ioctl c0084907 failed with code -1: Not a typewriter
E/gralloc (  210): int gralloc_unlock(const gralloc_module_t*, buffer_handle_t): ion_sync_fd failed!
W/Camera_CaptureUnit(  210): TODO: handle the stream-off with multiple buffers in device
D/CaptureActivityHandler(23696): Got return scan result message
E/ion     (  210): ioctl c0084907 failed with code -1: Not a typewriter
E/gralloc (  210): int gralloc_unlock(const gralloc_module_t*, buffer_handle_t): ion_sync_fd failed!
E/ion     (  210): ioctl c0084907 failed with code -1: Not a typewriter
E/gralloc (  210): int gralloc_unlock(const gralloc_module_t*, buffer_handle_t): ion_sync_fd failed!
E/ion     (  210): ioctl c0084907 failed with code -1: Not a typewriter
E/gralloc (  210): int gralloc_unlock(const gralloc_module_t*, buffer_handle_t): ion_sync_fd failed!
E/ion     (  210): ioctl c0084907 failed with code -1: Not a typewriter
E/gralloc (  210): int gralloc_unlock(const gralloc_module_t*, buffer_handle_t): ion_sync_fd failed!
E/ion     (  210): ioctl c0084907 failed with code -1: Not a typewriter
E/gralloc (  210): int gralloc_unlock(const gralloc_module_t*, buffer_handle_t): ion_sync_fd failed!
E/ion     (  210): ioctl c0084907 failed with code -1: Not a typewriter
E/gralloc (  210): int gralloc_unlock(const gralloc_module_t*, buffer_handle_t): ion_sync_fd failed!
W/Camera_CaptureSettingsHistory(  210): negative diff: -1, from history: 86, frame ID: 87
E/ion     (  210): ioctl c0084907 failed with code -1: Not a typewriter
E/gralloc (  210): int gralloc_unlock(const gralloc_module_t*, buffer_handle_t): ion_sync_fd failed!
W/Camera_CaptureSettingsHistory(  210): negative diff: -1, from history: 86, frame ID: 87
W/Camera_RawReqHandler(  210): prepareAaStats could not find the settings in effect for frameId 87 got for 86
E/ion     (  210): ioctl c0084907 failed with code -1: Not a typewriter
E/gralloc (  210): int gralloc_unlock(const gralloc_module_t*, buffer_handle_t): ion_sync_fd failed!
E/ion     (  210): ioctl c0084907 failed with code -1: Not a typewriter
E/gralloc (  210): int gralloc_unlock(const gralloc_module_t*, buffer_handle_t): ion_sync_fd failed!
D/RPC     (  236): RPCClientIFReadTask: recieved_bytes = 46
D/RPC     (  236): sys_rpc_mbox_post:Queue is Empty 659 hardware/imc/rpc/multi-client/rpc-daemon/../utils/osa/android/sys_arch.c
D/RPC     (  236): sys_rpc_mbox_fetch:queue has only one last element 722 hardware/imc/rpc/multi-client/rpc-daemon/../utils/osa/android/sys_arch.c
D/RPC     (  236): sys_rpc_mbox_fetch:when queue has only one last element 727 hardware/imc/rpc/multi-client/rpc-daemon/../utils/osa/android/sys_arch.c
D/RPC     (  236): IPCIFWriteData-- write 50
D/RPC     (  236): Header length: 4
D/RPC     (  236): IPCIFReadIOChannel:Data length from header parsing: 22
D/RPC     (  236):  IPCIFReadIOChannel:DataBufLen = 26:
D/RPC     (  236): RPCSendMsgToClient context_id : 536871424
D/RPC     (  236): RPCSendMsgToClient: remote_app_id = 2, context_id = 536871424
D/RPC     (  236): RPCSendDataToClient:Message Sent to APP id 2
E/RPC     (  216): AppRecvFromRPCIFTask: recieved_bytes = 22
E/RPC     (  216): IPC ReadCB:  RET IND idx(1249) 
W/Camera_CaptureSettingsHistory(  210): negative diff: -2, from history: 86, frame ID: 88
W/Camera_RawReqHandler(  210): prepareAaStats could not find the settings in effect for frameId 88 got for 86
W/Camera_CaptureSettingsHistory(  210): negative diff: -2, from history: 86, frame ID: 88
E/ion     (  210): ioctl c0084907 failed with code -1: Not a typewriter
E/gralloc (  210): int gralloc_unlock(const gralloc_module_t*, buffer_handle_t): ion_sync_fd failed!
E/ion     (  210): ioctl c0084907 failed with code -1: Not a typewriter
E/gralloc (  210): int gralloc_unlock(const gralloc_module_t*, buffer_handle_t): ion_sync_fd failed!
E/ion     (  210): ioctl c0084907 failed with code -1: Not a typewriter
E/gralloc (  210): int gralloc_unlock(const gralloc_module_t*, buffer_handle_t): ion_sync_fd failed!
W/Camera_CaptureSettingsHistory(  210): negative diff: -3, from history: 86, frame ID: 89
W/Camera_RawReqHandler(  210): prepareAaStats could not find the settings in effect for frameId 89 got for 86
W/Camera_CaptureSettingsHistory(  210): negative diff: -4, from history: 86, frame ID: 90
W/Camera_RawReqHandler(  210): prepareAaStats could not find the settings in effect for frameId 90 got for 86
D/WifiWatchdogStateMachine(  627): CurrentRSSI:-38
W/Camera_CaptureSettingsHistory(  210): negative diff: -5, from history: 86, frame ID: 91
W/Camera_RawReqHandler(  210): prepareAaStats could not find the settings in effect for frameId 91 got for 86
W/Camera_IspStatSrc(  210): No active devices, dropping the event
I/Camera2Client(  210): Camera 0: Closed
I/Camera2ClientBase(  210): Closed Camera 0. Client was: edu.mit.appinventor.aicompanion3 (PID 23696, UID 10143)
E/SimpleSoftOMXComponent(  210): 1
E/SimpleSoftOMXComponent(  210): 2
E/SimpleSoftOMXComponent(  210): 3
E/SimpleSoftOMXComponent(  210): 1
E/SimpleSoftOMXComponent(  210): 2
E/SimpleSoftOMXComponent(  210): 3
E/SimpleSoftOMXComponent(  210): 1
E/SimpleSoftOMXComponent(  210): 2
E/SimpleSoftOMXComponent(  210): 3
V/ActivityManager(  627): Display changed displayId=0
D/WindowManager(  627): adjustConfigurationLw, config:{0 0.0 ?mcc?mnc ?locale ?layoutDir sw600dp w600dp h951dp 160dpi lrg port ?uimode ?night finger -keyb/v/h -nav/v} mLidState:-1 mHasDockFeature:false mHasKeyboardFeature:false mHasHallSensorFeature:false config.hardKeyboardHidden:2
I/ActivityManager(  627): Config changes=480 {0 1.0 ?mcc?mnc en_US ?layoutDir sw600dp w600dp h951dp 160dpi lrg port finger -keyb/v/h -nav/h s.25}
I/InputReader(  627): Reconfiguring input devices.  changes=0x00000004
I/InputReader(  627): Device reconfigured: id=3, name='focal-touchscreen', size 600x1024, orientation 0, mode 1, display id 0
D/AudioWizardService( 1015): AudioWizadService :onConfigurationChanged()
D/Launcher.Utilities( 7515): isPhone= false
D/FontUtils( 7515): getSavedDisplaySettingsFontScale: 1.0
D/FontUtils( 7515): getSavedDisplaySettingsFontScale: 1.0
D/FontUtils( 7515): checkAndGetSavedFontScale, Latest saved displaySettings fontscale: 1.0, current displaySettings fontscale: 1.0, AsusEzmodeStatus(0 is disabled): 0
D/FontUtils( 7515): current Launcher saved fontscale: 1.0
I/LauncherApplication( 7515): isSystemFontChanged: false
D/FontUtils( 7515): current Launcher saved fontscale: 1.0
D/Launcher.Utilities( 7515): Screen density does not change, it's not display size change.
D/LauncherLog( 7515): LauncherModel changeWorkThread - set sWorker : sPADWorkerThread
D/Launcher.Utilities( 7515): Screen density does not change, it's not display size change.
D/LauncherLog( 7515): LauncherProvier - getDatabase: launcher.db
V/ReflectionMethods(  747): ========ReflectionMethods.isFlipfontSupport = true ===============
D/XT9IME  (  876): onStartInput isInputViewShown() = false isShowInputRequested() = false
V/ReflectionMethods(  747): ========ReflectionMethods.isFlipfontSupport = true ===============
D/Telecom ( 1045): AsusTelecomReceiver: AsusTelecomReceiver: onReceive()...action = android.intent.action.CONFIGURATION_CHANGED
I/WeatherTimeService( 1571): Action is: android.intent.action.CONFIGURATION_CHANGED
D/Launcher.Model( 7515): onReceive intent=Intent { act=android.intent.action.CONFIGURATION_CHANGED flg=0x70000010 }
V/ReflectionMethods(  747): ========ReflectionMethods.isFlipfontSupport = true ===============
V/ReflectionMethods(  747): ========ReflectionMethods.isFlipfontSupport = true ===============
V/ReflectionMethods(  747): ========ReflectionMethods.isFlipfontSupport = true ===============
I/Form    (23696): Form Screen1 got onActivityResult, requestCode = 2, resultCode = -1
V/KeyguardUpdateMonitor(  747): *** unregister callback for com.android.keyguard.KeyguardStatusView$1@1aa74e63
D/XT9IME  (  876): [Unbundle] Android 4.4 always add Emoji subtypes
D/KeyguardStatusView(  747): onFinishInflate...
D/KeyguardStatusView(  747): get whatsnext from setting:-1;weather:-1
D/KeyguardStatusView(  747): updateShortCutCountTask
D/KeyguardUpdateMonitor(  747): updateShortcutItem, force = true
D/KeyguardUpdateMonitor(  747): isSupportPhone = false
D/XT9IME  (  876): [Unbundle] Android 4.4 always add Emoji subtypes
D/XT9IME  (  876): [Unbundle] Android 4.4 always add Emoji subtypes
D/XT9IME  (  876): [Unbundle] Android 4.4 always add Emoji subtypes
D/XT9IME  (  876): [Unbundle] Android 4.4 always add Emoji subtypes
D/XT9IME  (  876): [Unbundle] Android 4.4 always add Emoji subtypes
D/XT9IME  (  876): [Unbundle] Android 4.4 always add Emoji subtypes
D/XT9IME  (  876): [Unbundle] Android 4.4 always add Emoji subtypes
D/XT9IME  (  876): [Unbundle] Android 4.4 always add Emoji subtypes
D/XT9IME  (  876): [Unbundle] Android 4.4 always add Emoji subtypes
D/XT9IME  (  876): [Unbundle] Android 4.4 always add Emoji subtypes
D/XT9IME  (  876): [Unbundle] Android 4.4 always add Emoji subtypes
D/XT9IME  (  876): [Unbundle] Android 4.4 always add Emoji subtypes
D/XT9IME  (  876): [Unbundle] Android 4.4 always add Emoji subtypes
D/XT9IME  (  876): [Unbundle] Android 4.4 always add Emoji subtypes
D/XT9IME  (  876): [Unbundle] Android 4.4 always add Emoji subtypes
D/XT9IME  (  876): [Unbundle] Android 4.4 always add Emoji subtypes
D/XT9IME  (  876): [Unbundle] Android 4.4 always add Emoji subtypes
D/XT9IME  (  876): [Unbundle] Android 4.4 always add Emoji subtypes
I/XT9IME  (  876): sIsHighend = false
V/KeyguardStatusView(  747): Enable transport text marquee
W/ResourceType(  747): No package identifier when getting value for resource number 0x00000000
W/PackageManager(  747): Failure retrieving resources for com.asus.camera: Resource ID #0x0
V/KeyguardUpdateMonitor(  747): *** register callback for com.android.keyguard.KeyguardStatusView$1@3a177b90
V/KeyguardUpdateMonitor(  747): *** unregister callback for null
D/PhoneStatus(23696): Seed = joiltb
D/PhoneStatus(23696): Code = 1e2c39c627d46148f7455adbae0b2deca745b339
D/KeyguardStatusView(  747): StatusView, onConfigurationChanged
W/ResourceType(  747): No package identifier when getting value for resource number 0x00000000
W/PackageManager(  747): Failure retrieving resources for com.asus.email: Resource ID #0x0
W/ResourceType(  747): No package identifier when getting value for resource number 0x00000000
W/PackageManager(  747): Failure retrieving resources for com.asus.browser: Resource ID #0x0
I/ReplForm(23696): started AppInvHTTPD
I/Form    (23696): Form Screen1 got onResume
D/RPC     (  236): RPCClientIFReadTask: recieved_bytes = 46
D/RPC     (  236): sys_rpc_mbox_post:Queue is Empty 659 hardware/imc/rpc/multi-client/rpc-daemon/../utils/osa/android/sys_arch.c
D/RPC     (  236): sys_rpc_mbox_fetch:queue has only one last element 722 hardware/imc/rpc/multi-client/rpc-daemon/../utils/osa/android/sys_arch.c
D/RPC     (  236): sys_rpc_mbox_fetch:when queue has only one last element 727 hardware/imc/rpc/multi-client/rpc-daemon/../utils/osa/android/sys_arch.c
D/RPC     (  236): IPCIFWriteData-- write 50
D/RPC     (  236): Header length: 4
D/RPC     (  236): IPCIFReadIOChannel:Data length from header parsing: 22
D/RPC     (  236):  IPCIFReadIOChannel:DataBufLen = 26:
D/RPC     (  236): RPCSendMsgToClient context_id : 536871424
D/RPC     (  236): RPCSendMsgToClient: remote_app_id = 2, context_id = 536871424
D/RPC     (  236): RPCSendDataToClient:Message Sent to APP id 2
E/RPC     (  216): AppRecvFromRPCIFTask: recieved_bytes = 22
E/RPC     (  216): IPC ReadCB:  RET IND idx(1249) 
D/Form    (23696): onGlobalLayout(): heightdiff = 50 contentViewTop = 50
D/Form    (23696): keyboard hidden!
D/StatusBar.NetworkController(  747): onReceive action=android.intent.action.CONFIGURATION_CHANGED
D/StatusBar.NetworkController(  747): refreshViews connected={ wifi } level=???? combinedSignalIconId=0x0/(null) mobileLabel= wifiLabel=StataCenter emergencyOnly[0]=false emergencyOnly[1]=false combinedLabel=StataCenter mAirplaneMode=false mDataActivity[0]=0 mDataActivity[1]=0 mPhoneSignalIconId[0]=0x7f020326 mPhoneSignalIconId[1]=0x0 mQSPhoneSignalIconId[0]=0x7f02023c mQSPhoneSignalIconId[1]=0x0 mDataSignalIconId[0]=0x7f020326 mDataSignalIconId[1]=0x0 mDataTypeIconId[0]=0x0 mDataTypeIconId[1]=0x0 mQSDataTypeIconId[0]=0x0 mQSDataTypeIconId[1]=0x0 mRoaming[0]=false mRoaming[1]=false mIsNoSim[0]=false mIsNoSim[1]=false mWifiIconId=0x7f020331 mQSWifiIconId=0x7f02024c mBluetoothTetherIconId=0x7f020329
D/SignalClusterView(  747): vpn: GONE
D/SignalClusterView(  747): wifi: VISIBLE sig=2130838321 act=2130838307
D/SignalClusterView(  747): mobile[0]: GONE sig=2130838310 typ=0
D/SignalClusterView(  747): vpn: GONE
D/SignalClusterView(  747): wifi: VISIBLE sig=2130838321 act=2130838307
D/SignalClusterView(  747): mobile[0]: GONE sig=2130838310 typ=0
