W/SurfaceFlinger(  188): couldn't log to binary event log: overflow.
D/KeyguardStatusView(  747): updateShortCutCountTask postEx:true
D/KeyguardStatusView(  747): resId = 0
D/KeyguardStatusView(  747): resId = 0
D/KeyguardStatusView(  747): resId = 0
V/PhoneStatusBar(  747): setLightsOn(true)
D/XT9IME  (  876): onStartInput isInputViewShown() = false isShowInputRequested() = false
D/Form    (23696): onGlobalLayout(): heightdiff = 50 contentViewTop = 50
D/Form    (23696): keyboard hidden!
I/WindowManager(  627): Screen frozen for +400ms due to Window{2f5f6ef1 u0 edu.mit.appinventor.aicompanion3/edu.mit.appinventor.aicompanion3.Screen1}
D/WifiWatchdogStateMachine(  627): RSSI current: 4 new: -43, 4
D/StatusBar.NetworkController(  747): refreshViews connected={ wifi } level=???? combinedSignalIconId=0x0/(null) mobileLabel= wifiLabel=StataCenter emergencyOnly[0]=false emergencyOnly[1]=false combinedLabel=StataCenter mAirplaneMode=false mDataActivity[0]=0 mDataActivity[1]=0 mPhoneSignalIconId[0]=0x7f020326 mPhoneSignalIconId[1]=0x0 mQSPhoneSignalIconId[0]=0x7f02023c mQSPhoneSignalIconId[1]=0x0 mDataSignalIconId[0]=0x7f020326 mDataSignalIconId[1]=0x0 mDataTypeIconId[0]=0x0 mDataTypeIconId[1]=0x0 mQSDataTypeIconId[0]=0x0 mQSDataTypeIconId[1]=0x0 mRoaming[0]=false mRoaming[1]=false mIsNoSim[0]=false mIsNoSim[1]=false mWifiIconId=0x7f020331 mQSWifiIconId=0x7f02024c mBluetoothTetherIconId=0x7f020329
D/SignalClusterView(  747): vpn: GONE
D/SignalClusterView(  747): wifi: VISIBLE sig=2130838321 act=2130838308
D/SignalClusterView(  747): mobile[0]: GONE sig=2130838310 typ=0
D/SignalClusterView(  747): vpn: GONE
D/SignalClusterView(  747): wifi: VISIBLE sig=2130838321 act=2130838308
D/SignalClusterView(  747): mobile[0]: GONE sig=2130838310 typ=0
D/RPC     (  236): RPCClientIFReadTask: recieved_bytes = 46
D/RPC     (  236): sys_rpc_mbox_post:Queue is Empty 659 hardware/imc/rpc/multi-client/rpc-daemon/../utils/osa/android/sys_arch.c
D/RPC     (  236): sys_rpc_mbox_fetch:queue has only one last element 722 hardware/imc/rpc/multi-client/rpc-daemon/../utils/osa/android/sys_arch.c
D/RPC     (  236): sys_rpc_mbox_fetch:when queue has only one last element 727 hardware/imc/rpc/multi-client/rpc-daemon/../utils/osa/android/sys_arch.c
D/RPC     (  236): IPCIFWriteData-- write 50
D/RPC     (  236): Header length: 4
D/RPC     (  236): IPCIFReadIOChannel:Data length from header parsing: 22
D/RPC     (  236):  IPCIFReadIOChannel:DataBufLen = 26:
D/RPC     (  236): RPCSendMsgToClient context_id : 536871424
D/RPC     (  236): RPCSendMsgToClient: remote_app_id = 2, context_id = 536871424
D/RPC     (  236): RPCSendDataToClient:Message Sent to APP id 2
E/RPC     (  216): AppRecvFromRPCIFTask: recieved_bytes = 22
E/RPC     (  216): IPC ReadCB:  RET IND idx(1249) 
D/StatusBar.NetworkController(  747): refreshViews connected={ wifi } level=???? combinedSignalIconId=0x0/(null) mobileLabel= wifiLabel=StataCenter emergencyOnly[0]=false emergencyOnly[1]=false combinedLabel=StataCenter mAirplaneMode=false mDataActivity[0]=0 mDataActivity[1]=0 mPhoneSignalIconId[0]=0x7f020326 mPhoneSignalIconId[1]=0x0 mQSPhoneSignalIconId[0]=0x7f02023c mQSPhoneSignalIconId[1]=0x0 mDataSignalIconId[0]=0x7f020326 mDataSignalIconId[1]=0x0 mDataTypeIconId[0]=0x0 mDataTypeIconId[1]=0x0 mQSDataTypeIconId[0]=0x0 mQSDataTypeIconId[1]=0x0 mRoaming[0]=false mRoaming[1]=false mIsNoSim[0]=false mIsNoSim[1]=false mWifiIconId=0x7f020331 mQSWifiIconId=0x7f02024c mBluetoothTetherIconId=0x7f020329
D/SignalClusterView(  747): vpn: GONE
D/SignalClusterView(  747): wifi: VISIBLE sig=2130838321 act=2130838309
D/SignalClusterView(  747): mobile[0]: GONE sig=2130838310 typ=0
D/SignalClusterView(  747): vpn: GONE
D/SignalClusterView(  747): wifi: VISIBLE sig=2130838321 act=2130838309
D/SignalClusterView(  747): mobile[0]: GONE sig=2130838310 typ=0
D/RPC     (  236): RPCClientIFReadTask: recieved_bytes = 46
D/RPC     (  236): sys_rpc_mbox_post:Queue is Empty 659 hardware/imc/rpc/multi-client/rpc-daemon/../utils/osa/android/sys_arch.c
D/RPC     (  236): sys_rpc_mbox_fetch:queue has only one last element 722 hardware/imc/rpc/multi-client/rpc-daemon/../utils/osa/android/sys_arch.c
D/RPC     (  236): sys_rpc_mbox_fetch:when queue has only one last element 727 hardware/imc/rpc/multi-client/rpc-daemon/../utils/osa/android/sys_arch.c
D/RPC     (  236): IPCIFWriteData-- write 50
D/RPC     (  236): Header length: 4
D/RPC     (  236): IPCIFReadIOChannel:Data length from header parsing: 22
D/RPC     (  236):  IPCIFReadIOChannel:DataBufLen = 26:
D/RPC     (  236): RPCSendMsgToClient context_id : 536871424
D/RPC     (  236): RPCSendMsgToClient: remote_app_id = 2, context_id = 536871424
D/RPC     (  236): RPCSendDataToClient:Message Sent to APP id 2
E/RPC     (  216): AppRecvFromRPCIFTask: recieved_bytes = 22
E/RPC     (  216): IPC ReadCB:  RET IND idx(1249) 
D/StatusBar.NetworkController(  747): refreshViews connected={ wifi } level=???? combinedSignalIconId=0x0/(null) mobileLabel= wifiLabel=StataCenter emergencyOnly[0]=false emergencyOnly[1]=false combinedLabel=StataCenter mAirplaneMode=false mDataActivity[0]=0 mDataActivity[1]=0 mPhoneSignalIconId[0]=0x7f020326 mPhoneSignalIconId[1]=0x0 mQSPhoneSignalIconId[0]=0x7f02023c mQSPhoneSignalIconId[1]=0x0 mDataSignalIconId[0]=0x7f020326 mDataSignalIconId[1]=0x0 mDataTypeIconId[0]=0x0 mDataTypeIconId[1]=0x0 mQSDataTypeIconId[0]=0x0 mQSDataTypeIconId[1]=0x0 mRoaming[0]=false mRoaming[1]=false mIsNoSim[0]=false mIsNoSim[1]=false mWifiIconId=0x7f020331 mQSWifiIconId=0x7f02024c mBluetoothTetherIconId=0x7f020329
D/SignalClusterView(  747): vpn: GONE
D/SignalClusterView(  747): wifi: VISIBLE sig=2130838321 act=2130838307
D/SignalClusterView(  747): mobile[0]: GONE sig=2130838310 typ=0
D/SignalClusterView(  747): vpn: GONE
D/SignalClusterView(  747): wifi: VISIBLE sig=2130838321 act=2130838307
D/SignalClusterView(  747): mobile[0]: GONE sig=2130838310 typ=0
I/art     (  627): Explicit concurrent mark sweep GC freed 5444(267KB) AllocSpace objects, 0(0B) LOS objects, 33% free, 19MB/29MB, paused 3.007ms total 195.226ms
D/RPC     (  236): RPCClientIFReadTask: recieved_bytes = 46
D/RPC     (  236): sys_rpc_mbox_post:Queue is Empty 659 hardware/imc/rpc/multi-client/rpc-daemon/../utils/osa/android/sys_arch.c
D/RPC     (  236): sys_rpc_mbox_fetch:queue has only one last element 722 hardware/imc/rpc/multi-client/rpc-daemon/../utils/osa/android/sys_arch.c
D/RPC     (  236): sys_rpc_mbox_fetch:when queue has only one last element 727 hardware/imc/rpc/multi-client/rpc-daemon/../utils/osa/android/sys_arch.c
D/RPC     (  236): IPCIFWriteData-- write 50
D/RPC     (  236): Header length: 4
D/RPC     (  236): IPCIFReadIOChannel:Data length from header parsing: 22
D/RPC     (  236):  IPCIFReadIOChannel:DataBufLen = 26:
D/RPC     (  236): RPCSendMsgToClient context_id : 536871424
D/RPC     (  236): RPCSendMsgToClient: remote_app_id = 2, context_id = 536871424
D/RPC     (  236): RPCSendDataToClient:Message Sent to APP id 2
E/RPC     (  216): AppRecvFromRPCIFTask: recieved_bytes = 22
E/RPC     (  216): IPC ReadCB:  RET IND idx(1249) 
D/WifiWatchdogStateMachine(  627): CurrentRSSI:-43
D/WifiWatchdogStateMachine(  627): Exit DebounceWeakRssiState
D/WifiWatchdogStateMachine(  627): enter DebounceWeakRssiState
D/WifiWatchdogStateMachine(  627): RSSI current: 4 new: -43, 4
D/StatusBar.NetworkController(  747): refreshViews connected={ wifi } level=???? combinedSignalIconId=0x0/(null) mobileLabel= wifiLabel=StataCenter emergencyOnly[0]=false emergencyOnly[1]=false combinedLabel=StataCenter mAirplaneMode=false mDataActivity[0]=0 mDataActivity[1]=0 mPhoneSignalIconId[0]=0x7f020326 mPhoneSignalIconId[1]=0x0 mQSPhoneSignalIconId[0]=0x7f02023c mQSPhoneSignalIconId[1]=0x0 mDataSignalIconId[0]=0x7f020326 mDataSignalIconId[1]=0x0 mDataTypeIconId[0]=0x0 mDataTypeIconId[1]=0x0 mQSDataTypeIconId[0]=0x0 mQSDataTypeIconId[1]=0x0 mRoaming[0]=false mRoaming[1]=false mIsNoSim[0]=false mIsNoSim[1]=false mWifiIconId=0x7f020331 mQSWifiIconId=0x7f02024c mBluetoothTetherIconId=0x7f020329
D/SignalClusterView(  747): vpn: GONE
D/SignalClusterView(  747): wifi: VISIBLE sig=2130838321 act=2130838309
D/SignalClusterView(  747): mobile[0]: GONE sig=2130838310 typ=0
D/SignalClusterView(  747): vpn: GONE
D/SignalClusterView(  747): wifi: VISIBLE sig=2130838321 act=2130838309
D/SignalClusterView(  747): mobile[0]: GONE sig=2130838310 typ=0
D/WifiWatchdogStateMachine(  627): CurrentRSSI:-43
D/RPC     (  236): RPCClientIFReadTask: recieved_bytes = 46
D/RPC     (  236): sys_rpc_mbox_post:Queue is Empty 659 hardware/imc/rpc/multi-client/rpc-daemon/../utils/osa/android/sys_arch.c
D/RPC     (  236): sys_rpc_mbox_fetch:queue has only one last element 722 hardware/imc/rpc/multi-client/rpc-daemon/../utils/osa/android/sys_arch.c
D/RPC     (  236): sys_rpc_mbox_fetch:when queue has only one last element 727 hardware/imc/rpc/multi-client/rpc-daemon/../utils/osa/android/sys_arch.c
D/RPC     (  236): IPCIFWriteData-- write 50
D/RPC     (  236): Header length: 4
D/RPC     (  236): IPCIFReadIOChannel:Data length from header parsing: 22
D/RPC     (  236):  IPCIFReadIOChannel:DataBufLen = 26:
D/RPC     (  236): RPCSendMsgToClient context_id : 536871424
D/RPC     (  236): RPCSendMsgToClient: remote_app_id = 2, context_id = 536871424
D/RPC     (  236): RPCSendDataToClient:Message Sent to APP id 2
E/RPC     (  216): AppRecvFromRPCIFTask: recieved_bytes = 22
E/RPC     (  216): IPC ReadCB:  RET IND idx(1249) 
D/AppInvHTTPD(23696): NanoHTTPD: getPoolSize() = 0
D/AppInvHTTPD(23696): GET '/_getversion' 
D/AppInvHTTPD(23696): NanoHTTPD: getPoolSize() = 1
D/AppInvHTTPD(23696): NanoHTTPD: getPoolSize() = 2
D/AppInvHTTPD(23696): POST '/_values' 
D/AppInvHTTPD(23696): POST '/_newblocks' 
D/AppInvHTTPD(23696): Incoming Mac = 09da0b17d9702e1083427c4611a83ad45187b123
D/AppInvHTTPD(23696): Computed Mac = 09da0b17d9702e1083427c4611a83ad45187b123
D/AppInvHTTPD(23696): Incoming seq = 1
D/AppInvHTTPD(23696): Computed seq = 1
D/AppInvHTTPD(23696): blockid = -2
D/AppInvHTTPD(23696): To Eval: (begin (require <com.google.youngandroid.runtime>) (process-repl-input -2 (begin (clear-current-form)(try-catch (let ((attempt (delay (set-form-name "Screen1")))) (force attempt)) (exception java.lang.Throwable (exception:printStackTrace) 'notfound))(do-after-form-creation (set-and-coerce-property! 'Screen1 'AppName "RedCloudTest1" 'text)\u000a (set-and-coerce-property! 'Screen1 'Title "Screen1" 'text)\u000a)\u000a\u000a(add-component Screen1 com.google.appinventor.components.runtime.Button Button1 \u000a(set-and-coerce-property! 'Button1 'Width -2 'number)\u000a\u000a(set-and-coerce-property! 'Button1 'Text "Hello" 'text)\u000a\u000a)\u000a\u000a(add-component Screen1 com.google.appinventor.components.runtime.RedCloud RedCloud1 \u000a(set-and-coerce-property! 'RedCloud1 'AccountName "acname" 'text)\u000a\u000a(set-and-coerce-property! 'RedCloud1 'ProjectID "projid" 'text)\u000a\u000a)\u000a(init-runtime)(define-event Button1 Click()(set-this-form)\u000a    (set-and-coerce-property! 'Button1 'BackgroundColor -65536 'number))(call-Initialize-of-components 'Screen1 'Button1 'RedCloud1) )))
D/AppInvHTTPD(23696): NanoHTTPD: getPoolSize() = 2
D/WifiWatchdogStateMachine(  627): RSSI current: 4 new: -44, 4
D/StatusBar.NetworkController(  747): refreshViews connected={ wifi } level=???? combinedSignalIconId=0x0/(null) mobileLabel= wifiLabel=StataCenter emergencyOnly[0]=false emergencyOnly[1]=false combinedLabel=StataCenter mAirplaneMode=false mDataActivity[0]=0 mDataActivity[1]=0 mPhoneSignalIconId[0]=0x7f020326 mPhoneSignalIconId[1]=0x0 mQSPhoneSignalIconId[0]=0x7f02023c mQSPhoneSignalIconId[1]=0x0 mDataSignalIconId[0]=0x7f020326 mDataSignalIconId[1]=0x0 mDataTypeIconId[0]=0x0 mDataTypeIconId[1]=0x0 mQSDataTypeIconId[0]=0x0 mQSDataTypeIconId[1]=0x0 mRoaming[0]=false mRoaming[1]=false mIsNoSim[0]=false mIsNoSim[1]=false mWifiIconId=0x7f020331 mQSWifiIconId=0x7f02024c mBluetoothTetherIconId=0x7f020329
D/SignalClusterView(  747): vpn: GONE
D/SignalClusterView(  747): wifi: VISIBLE sig=2130838321 act=2130838308
D/SignalClusterView(  747): mobile[0]: GONE sig=2130838310 typ=0
D/SignalClusterView(  747): vpn: GONE
D/SignalClusterView(  747): wifi: VISIBLE sig=2130838321 act=2130838308
D/SignalClusterView(  747): mobile[0]: GONE sig=2130838310 typ=0
D/Form    (23696): recomputeLayout called
D/Form    (23696): About to create a new ScaledFrameLayout
D/Form    (23696): Sizing(Fixed)
D/Form    (23696): formWidth = 320 formHeight = 520
W/System.err(23696): Form.clear() About to do moby GC!
I/art     (23696): Explicit concurrent mark sweep GC freed 57325(2MB) AllocSpace objects, 8(3MB) LOS objects, 39% free, 8MB/14MB, paused 1.797ms total 79.275ms
D/ReplForm(23696): formName is now Screen1
D/Form    (23696): onGlobalLayout(): heightdiff = 50 contentViewTop = 50
D/Form    (23696): keyboard hidden!
D/Form    (23696): onGlobalLayout(): heightdiff = 50 contentViewTop = 50
D/Form    (23696): keyboard hidden!
D/Form    (23696): Sizing(Fixed)
D/Form    (23696): formWidth = 320 formHeight = 520
D/Form    (23696): ReplayFormOrientation()
D/Form    (23696): onGlobalLayout(): heightdiff = 50 contentViewTop = 50
D/Form    (23696): keyboard hidden!
D/Form    (23696): onGlobalLayout(): heightdiff = 50 contentViewTop = 50
D/Form    (23696): keyboard hidden!
D/RPC     (  236): RPCClientIFReadTask: recieved_bytes = 46
D/RPC     (  236): sys_rpc_mbox_post:Queue is Empty 659 hardware/imc/rpc/multi-client/rpc-daemon/../utils/osa/android/sys_arch.c
D/RPC     (  236): sys_rpc_mbox_fetch:queue has only one last element 722 hardware/imc/rpc/multi-client/rpc-daemon/../utils/osa/android/sys_arch.c
D/RPC     (  236): sys_rpc_mbox_fetch:when queue has only one last element 727 hardware/imc/rpc/multi-client/rpc-daemon/../utils/osa/android/sys_arch.c
D/RPC     (  236): IPCIFWriteData-- write 50
D/RPC     (  236): Header length: 4
D/RPC     (  236): IPCIFReadIOChannel:Data length from header parsing: 22
D/RPC     (  236):  IPCIFReadIOChannel:DataBufLen = 26:
D/RPC     (  236): RPCSendMsgToClient context_id : 536871424
D/RPC     (  236): RPCSendMsgToClient: remote_app_id = 2, context_id = 536871424
D/RPC     (  236): RPCSendDataToClient:Message Sent to APP id 2
E/RPC     (  216): AppRecvFromRPCIFTask: recieved_bytes = 22
E/RPC     (  216): IPC ReadCB:  RET IND idx(1249) 
D/RPC     (  236): RPCClientIFReadTask: recieved_bytes = 46
D/RPC     (  236): sys_rpc_mbox_post:Queue is Empty 659 hardware/imc/rpc/multi-client/rpc-daemon/../utils/osa/android/sys_arch.c
D/RPC     (  236): sys_rpc_mbox_fetch:queue has only one last element 722 hardware/imc/rpc/multi-client/rpc-daemon/../utils/osa/android/sys_arch.c
D/RPC     (  236): sys_rpc_mbox_fetch:when queue has only one last element 727 hardware/imc/rpc/multi-client/rpc-daemon/../utils/osa/android/sys_arch.c
D/RPC     (  236): IPCIFWriteData-- write 50
D/RPC     (  236): Header length: 4
D/RPC     (  236): IPCIFReadIOChannel:Data length from header parsing: 22
D/RPC     (  236):  IPCIFReadIOChannel:DataBufLen = 26:
D/RPC     (  236): RPCSendMsgToClient context_id : 536871424
D/RPC     (  236): RPCSendMsgToClient: remote_app_id = 2, context_id = 536871424
D/RPC     (  236): RPCSendDataToClient:Message Sent to APP id 2
E/RPC     (  216): AppRecvFromRPCIFTask: recieved_bytes = 22
E/RPC     (  216): IPC ReadCB:  RET IND idx(1249) 
D/RPC     (  236): RPCClientIFReadTask: recieved_bytes = 46
D/RPC     (  236): sys_rpc_mbox_post:Queue is Empty 659 hardware/imc/rpc/multi-client/rpc-daemon/../utils/osa/android/sys_arch.c
D/RPC     (  236): sys_rpc_mbox_fetch:queue has only one last element 722 hardware/imc/rpc/multi-client/rpc-daemon/../utils/osa/android/sys_arch.c
D/RPC     (  236): sys_rpc_mbox_fetch:when queue has only one last element 727 hardware/imc/rpc/multi-client/rpc-daemon/../utils/osa/android/sys_arch.c
D/RPC     (  236): IPCIFWriteData-- write 50
D/RPC     (  236): Header length: 4
D/RPC     (  236): IPCIFReadIOChannel:Data length from header parsing: 22
D/RPC     (  236):  IPCIFReadIOChannel:DataBufLen = 26:
D/RPC     (  236): RPCSendMsgToClient context_id : 536871424
D/RPC     (  236): RPCSendMsgToClient: remote_app_id = 2, context_id = 536871424
D/RPC     (  236): RPCSendDataToClient:Message Sent to APP id 2
E/RPC     (  216): AppRecvFromRPCIFTask: recieved_bytes = 22
E/RPC     (  216): IPC ReadCB:  RET IND idx(1249) 
D/StatusBar.NetworkController(  747): refreshViews connected={ wifi } level=???? combinedSignalIconId=0x0/(null) mobileLabel= wifiLabel=StataCenter emergencyOnly[0]=false emergencyOnly[1]=false combinedLabel=StataCenter mAirplaneMode=false mDataActivity[0]=0 mDataActivity[1]=0 mPhoneSignalIconId[0]=0x7f020326 mPhoneSignalIconId[1]=0x0 mQSPhoneSignalIconId[0]=0x7f02023c mQSPhoneSignalIconId[1]=0x0 mDataSignalIconId[0]=0x7f020326 mDataSignalIconId[1]=0x0 mDataTypeIconId[0]=0x0 mDataTypeIconId[1]=0x0 mQSDataTypeIconId[0]=0x0 mQSDataTypeIconId[1]=0x0 mRoaming[0]=false mRoaming[1]=false mIsNoSim[0]=false mIsNoSim[1]=false mWifiIconId=0x7f020331 mQSWifiIconId=0x7f02024c mBluetoothTetherIconId=0x7f020329
D/SignalClusterView(  747): vpn: GONE
D/SignalClusterView(  747): wifi: VISIBLE sig=2130838321 act=2130838309
D/SignalClusterView(  747): mobile[0]: GONE sig=2130838310 typ=0
D/SignalClusterView(  747): vpn: GONE
D/SignalClusterView(  747): wifi: VISIBLE sig=2130838321 act=2130838309
D/SignalClusterView(  747): mobile[0]: GONE sig=2130838310 typ=0
D/WifiWatchdogStateMachine(  627): CurrentRSSI:-44
D/WifiWatchdogStateMachine(  627): RSSI current: 4 new: -44, 4
